Microchip MPLAB XC8 Compiler V3.00

Linker command line:

-W-3 \
  --edf=C:/Users/duvoh/.mchp_packs/Microchip/PIC16Fxxx_DFP/1.7.162/xc8\pic\dat\20250326211330_en.msgs \
  -cn -h+Code_default_default.sym --cmf=Code_default_default.cmf -z \
  -Q16F887 -oC:\Users\duvoh\AppData\Local\Temp\xcAs84k.\driver_tmp_3.o \
  --defsym=__MPLAB_BUILD=1 --fixupoverflow=error -Mmem.map \
  --md=C:\Users\duvoh\AppData\Local\Temp\xcAs84k.\driver_tmp_0.dat -E1 \
  -ver=XC8 Compiler -ACODE=00h-07FFhx4 -ASTRCODE=00h-01FFFh \
  -ASTRING=00h-0FFhx32 -ACONST=00h-0FFhx32 -AENTRY=00h-0FFhx32 \
  -ACOMMON=070h-07Fh -ABANK0=020h-06Fh -ABANK1=0A0h-0EFh \
  -ABANK2=0110h-016Fh -ABANK3=0190h-01EFh \
  -ARAM=020h-06Fh,0A0h-0EFh,0110h-016Fh,0190h-01EFh \
  -AABS1=020h-07Fh,0A0h-0EFh,0110h-016Fh,0190h-01EFh -ASFR0=00h-01Fh \
  -ASFR1=080h-09Fh -ASFR2=0100h-010Fh -ASFR3=0180h-018Fh \
  -ACONFIG=02007h-02008h -DCONFIG=2 -AIDLOC=02000h-02003h -DIDLOC=2 \
  -AEEDATA=00h-0FFh/02100h -peeprom_data=EEDATA -DEEDATA=2 -DCODE=2 \
  -DSTRCODE=2 -DSTRING=2 -DCONST=2 -DENTRY=2 \
  -preset_vec=00h,intentry=04h,sivt,init,end_init -ppowerup=CODE \
  -pcinit=CODE -pfunctab=ENTRY -k \
  C:\Users\duvoh\AppData\Local\Temp\xcAs84k.\driver_tmp_13.o \
  Code_default_default.o 

Object code version is 3.11

Machine type is 16F887



                Name                               Link     Load   Length Selector   Space Scale
C:\Users\duvoh\AppData\Local\Temp\xcAs84k.\driver_tmp_13.o
                end_init                             10       10        3        8       0
                reset_vec                             0        0        3        0       0
                config                             2007     2007        2        0       4
Code_default_default.o
                cinit                                13       13       25        8       0
                intentry                              4        4        C        8       0
                config                             2007     2007        2        0       4
                text43                              E62      E62       30     1CC4       0
                text42                              FA9      FA9       57     1F52       0
                text41                              129      129       F0        8       0
                text40                              C49      C49       15     1892       0
                text39                              CD1      CD1       1E     19A2       0
                text38                              637      637       65        8       0
                text37                              759      759       59      EB2       0
                text36                              42A      42A       95        8       0
                text35                              C8A      C8A       17     1914       0
                text34                              219      219       DC        8       0
                text33                              DEA      DEA       28     1BD4       0
                text32                              E12      E12       28     1C24       0
                text31                              E3A      E3A       28     1C74       0
                text30                              E92      E92       30     1D24       0
                text29                              D0F      D0F       22     1A1E       0
                text28                              C5E      C5E       16     18BC       0
                text27                              F60      F60       49     1EC0       0
                text26                              69C      69C       64        8       0
                text25                              7B2      7B2       4E      EB2       0
                text24                              5CF      5CF       68        8       0
                text23                              EC2      EC2       31     1D84       0
                text22                              C12      C12       11     1824       0
                text21                              C07      C07        B     180E       0
                text20                              BEF      BEF        6     17DE       0
                text19                              4BF      4BF       89        8       0
                text18                              EF3      EF3       32     1DE6       0
                text17                              D9C      D9C       27     1B38       0
                text16                              C23      C23       13     1846       0
                text15                              DC3      DC3       27     1B86       0
                text14                              F25      F25       3B     1E4A       0
                text13                              CEF      CEF       20     19DE       0
                text12                              D77      D77       25     1AEE       0
                text11                              CA1      CA1       18     1942       0
                text10                              BFD      BFD        A     17FA       0
                text9                               CB9      CB9       18     1972       0
                text8                               C36      C36       13     186C       0
                text7                               BEE      BEE        1     17DC       0
                text6                               2F5      2F5       A0        8       0
                text5                                38       38       F1        8       0
                text4                               D31      D31       23     1A62       0
                text3                               D54      D54       23     1AA8       0
                text2                               C74      C74       16     18E8       0
                text1                               548      548       87        8       0
                maintext                            395      395       95        8       0
                cstackBANK0                          20       20       42       20       1
                cstackCOMMON                         70       70        D       70       1
                cstackBANK1                          A0       A0       2A       A0       1
                clrtext                             BF5      BF5        8     17EA       0
                bssBANK3                            190      190       20      190       1
                bssBANK1                             CA       CA       14       A0       1
                dataBANK0                            6E       6E        1       20       1
                bssBANK0                             62       62        C       20       1
                bssCOMMON                            7D       7D        1       70       1
                strings                             700      700       59      E00       0
                idataBANK0                            3        3        1        0       0

TOTAL           Name                               Link     Load   Length     Space
        CLASS   CODE           
                end_init                             10       10        3         0
                cinit                                13       13       25         0
                intentry                              4        4        C         0
                reset_vec                             0        0        3         0
                text43                              E62      E62       30         0
                text42                              FA9      FA9       57         0
                text41                              129      129       F0         0
                text40                              C49      C49       15         0
                text39                              CD1      CD1       1E         0
                text38                              637      637       65         0
                text37                              759      759       59         0
                text36                              42A      42A       95         0
                text35                              C8A      C8A       17         0
                text34                              219      219       DC         0
                text33                              DEA      DEA       28         0
                text32                              E12      E12       28         0
                text31                              E3A      E3A       28         0
                text30                              E92      E92       30         0
                text29                              D0F      D0F       22         0
                text28                              C5E      C5E       16         0
                text27                              F60      F60       49         0
                text26                              69C      69C       64         0
                text25                              7B2      7B2       4E         0
                text24                              5CF      5CF       68         0
                text23                              EC2      EC2       31         0
                text22                              C12      C12       11         0
                text21                              C07      C07        B         0
                text20                              BEF      BEF        6         0
                text19                              4BF      4BF       89         0
                text18                              EF3      EF3       32         0
                text17                              D9C      D9C       27         0
                text16                              C23      C23       13         0
                text15                              DC3      DC3       27         0
                text14                              F25      F25       3B         0
                text13                              CEF      CEF       20         0
                text12                              D77      D77       25         0
                text11                              CA1      CA1       18         0
                text10                              BFD      BFD        A         0
                text9                               CB9      CB9       18         0
                text8                               C36      C36       13         0
                text7                               BEE      BEE        1         0
                text6                               2F5      2F5       A0         0
                text5                                38       38       F1         0
                text4                               D31      D31       23         0
                text3                               D54      D54       23         0
                text2                               C74      C74       16         0
                text1                               548      548       87         0
                maintext                            395      395       95         0
                clrtext                             BF5      BF5        8         0
                idataBANK0                            3        3        1         0

        CLASS   STRCODE        

        CLASS   STRING         
                strings                             700      700       59         0

        CLASS   CONST          

        CLASS   ENTRY          

        CLASS   COMMON         
                cstackCOMMON                         70       70        D         1
                bssCOMMON                            7D       7D        1         1

        CLASS   BANK0          
                cstackBANK0                          20       20       42         1
                dataBANK0                            6E       6E        1         1
                bssBANK0                             62       62        C         1

        CLASS   BANK1          
                cstackBANK1                          A0       A0       2A         1
                bssBANK1                             CA       CA       14         1

        CLASS   BANK2          

        CLASS   BANK3          
                bssBANK3                            190      190       20         1

        CLASS   RAM            

        CLASS   ABS1           
                abs_s1                               7E       7E        2         1

        CLASS   SFR0           

        CLASS   SFR1           

        CLASS   SFR2           

        CLASS   SFR3           

        CLASS   CONFIG         
                config                             2007     2007        2         4

        CLASS   IDLOC          

        CLASS   EEDATA         

        CLASS   HEAP           

        CLASS   STACK          



SEGMENTS        Name                           Load    Length   Top    Selector   Space  Class     Delta

                reset_vec                      000000  000004  000004         0       0  CODE        2
                intentry                       000004  0006FC  000700         8       0  CODE        2
                cstackBANK0                    000020  00004F  00006F        20       1  BANK0       1
                cstackCOMMON                   000070  00000E  00007E        70       1  COMMON      1
                cstackBANK1                    0000A0  00003E  0000DE        A0       1  BANK1       1
                bssBANK3                       000190  000020  0001B0       190       1  BANK3       1
                strings                        000700  000059  000759       E00       0  STRING      2
                text37                         000759  0000A7  000800       EB2       0  CODE        2
                text7                          000BEE  000001  000BEF      17DC       0  CODE        2
                text20                         000BEF  000006  000BF5      17DE       0  CODE        2
                clrtext                        000BF5  000008  000BFD      17EA       0  CODE        2
                text10                         000BFD  00000A  000C07      17FA       0  CODE        2
                text21                         000C07  00000B  000C12      180E       0  CODE        2
                text22                         000C12  000011  000C23      1824       0  CODE        2
                text16                         000C23  000013  000C36      1846       0  CODE        2
                text8                          000C36  000013  000C49      186C       0  CODE        2
                text40                         000C49  000015  000C5E      1892       0  CODE        2
                text28                         000C5E  000016  000C74      18BC       0  CODE        2
                text2                          000C74  000016  000C8A      18E8       0  CODE        2
                text35                         000C8A  000017  000CA1      1914       0  CODE        2
                text11                         000CA1  000018  000CB9      1942       0  CODE        2
                text9                          000CB9  000018  000CD1      1972       0  CODE        2
                text39                         000CD1  00001E  000CEF      19A2       0  CODE        2
                text13                         000CEF  000020  000D0F      19DE       0  CODE        2
                text29                         000D0F  000022  000D31      1A1E       0  CODE        2
                text4                          000D31  000023  000D54      1A62       0  CODE        2
                text3                          000D54  000023  000D77      1AA8       0  CODE        2
                text12                         000D77  000025  000D9C      1AEE       0  CODE        2
                text17                         000D9C  000027  000DC3      1B38       0  CODE        2
                text15                         000DC3  000027  000DEA      1B86       0  CODE        2
                text33                         000DEA  000028  000E12      1BD4       0  CODE        2
                text32                         000E12  000028  000E3A      1C24       0  CODE        2
                text31                         000E3A  000028  000E62      1C74       0  CODE        2
                text43                         000E62  000030  000E92      1CC4       0  CODE        2
                text30                         000E92  000030  000EC2      1D24       0  CODE        2
                text23                         000EC2  000031  000EF3      1D84       0  CODE        2
                text18                         000EF3  000032  000F25      1DE6       0  CODE        2
                text14                         000F25  00003B  000F60      1E4A       0  CODE        2
                text27                         000F60  000049  000FA9      1EC0       0  CODE        2
                text42                         000FA9  000057  001000      1F52       0  CODE        2


UNUSED ADDRESS RANGES

        Name                Unused          Largest block    Delta
        BANK0            006F-006F              1           1
        BANK1            00DE-00EF             12           1
        BANK2            0110-016F             60           1
        BANK3            01B0-01EF             40           1
        CODE             0800-0BED            3EE           2
                         1000-1FFF            800
        CONST            0800-0BED            100           2
                         1000-1FFF            100
        EEDATA           2100-21FF            100           2
        ENTRY            0800-0BED            100           2
                         1000-1FFF            100
        IDLOC            2000-2003              4           2
        RAM              006F-006F              1           1
                         00DE-00EF             12
                         0110-016F             60
                         01B0-01EF             40
        SFR0             0000-001F             20           1
        SFR1             0080-009F             20           1
        SFR2             0100-010F             10           1
        SFR3             0180-018F             10           1
        STRCODE          0800-0BED            3EE           2
                         1000-1FFF           1000
        STRING           0800-0BED            100           2
                         1000-1FFF            100

                                  Symbol Table

?___awdiv                      cstackBANK0  0020
?___awmod                      cstackBANK0  0020
?_abs                          cstackBANK0  0026
?_sprintf                      cstackBANK0  003F
?_strcmp                       cstackCOMMON 0070
?_strlen                       cstackBANK0  0020
?_vfprintf                     cstackBANK0  003A
?i1___awmod                    cstackCOMMON 0070
Clear_Display@i                cstackBANK0  0024
Display_Countdown@countdown_EW cstackBANK0  0028
Display_Countdown@countdown_NS cstackBANK0  002F
Display_Countdown@ones_EW      cstackBANK0  002E
Display_Countdown@ones_NS      cstackBANK0  002C
Display_Countdown@tens_EW      cstackBANK0  002D
Display_Countdown@tens_NS      cstackBANK0  002B
I2C_LCD_BackLight@u8BackLight  cstackBANK0  0029
I2C_LCD_FlushVal@i             cstackBANK0  0028
I2C_LCD_Init@i                 cstackBANK0  0031
I2C_LCD_Puts@sz                cstackBANK0  002F
I2C_LCD_WriteCmd@u8Cmd         cstackBANK0  002E
I2C_LCD_Write_4bit@u8Data      cstackBANK0  0029
I2C_Read@i                     cstackBANK0  0029
I2C_Read@pu8Data               cstackBANK0  0024
I2C_Read@u8Address             cstackBANK0  0028
I2C_Read@u8Length              cstackBANK0  0025
I2C_Write@i                    cstackBANK0  0027
I2C_Write@pu8Data              cstackBANK0  0023
I2C_Write@u8Address            cstackBANK0  0026
I2C_Write@u8Length             cstackBANK0  0024
ISR@buffer                     bssBANK1     00D6
ISR@data                       cstackCOMMON 007C
ISR@index                      bssBANK0     0068
LCD_WaitBusy@temp              cstackBANK0  002C
LCD_WaitBusy@timeout           cstackBANK0  002A
LCD_Write_Chr@chr              cstackBANK0  002E
ShiftOut_1Bit@bitVal           cstackBANK0  0020
ShiftOut_1Byte@data            cstackBANK0  0022
ShiftOut_1Byte@i               cstackBANK0  0023
UART_TxChar@data               cstackBANK0  0020
UART_TxString@str              cstackBANK0  0021
UART_TxTrafficState@buffer     cstackBANK1  00A0
_ANSEL                         (abs)        0188
_ANSELH                        (abs)        0189
_Auto_Mode_Timer               text34       0219
_Auto_Mode_Timer$505           cstackBANK0  0031
_Auto_Mode_Timer$506           cstackBANK0  0033
_Auto_Mode_Timer$507           cstackBANK0  0035
_Auto_Mode_Timer$508           cstackBANK0  0037
_BRG16                         (abs)        0C3B
_BRGH                          (abs)        04C2
_CREN                          (abs)        00C4
_Clear_Display                 text15       0DC3
_Display_Countdown             text36       042A
_I2C_LCD_BackLight             text28       0C5E
_I2C_LCD_Clear                 text22       0C12
_I2C_LCD_FlushVal              text29       0D0F
_I2C_LCD_Init                  text19       04BF
_I2C_LCD_Puts                  text17       0D9C
_I2C_LCD_WriteCmd              text23       0EC2
_I2C_LCD_Write_4bit            text27       0F60
_I2C_Read                      text25       07B2
_I2C_Write                     text30       0E92
_INTCONbits                    (abs)        000B
_ISR                           text41       0129
_Interrupt_Init                text16       0C23
_LCD_WaitBusy                  text24       05CF
_LCD_Write_Chr                 text18       0EF3
_Manual_Mode                   text14       0F25
_Midnight_Mode_Timer           text13       0CEF
_My_I2C_Init                   text20       0BEF
_OPTION_REGbits                (abs)        0081
_Opposite_State                text35       0C8A
_PIE1bits                      (abs)        008C
_PIR1bits                      (abs)        000C
_PORTA                         (abs)        0005
_PORTB                         (abs)        0006
_PORTC                         (abs)        0007
_RA0                           (abs)        0028
_RA1                           (abs)        0029
_RA2                           (abs)        002A
_RA3                           (abs)        002B
_RA4                           (abs)        002C
_RA5                           (abs)        002D
_RB1                           (abs)        0031
_RB2                           (abs)        0032
_RC0                           (abs)        0038
_RC1                           (abs)        0039
_RC2                           (abs)        003A
_RCREG                         (abs)        001A
_RCSTAbits                     (abs)        0018
_SPBRG                         (abs)        0099
_SPEN                          (abs)        00C7
_SSPADD                        (abs)        0093
_SSPBUF                        (abs)        0013
_SSPCON2bits                   (abs)        0091
_SSPCONbits                    (abs)        0014
_SYNC                          (abs)        04C4
_ShiftOut_1Bit                 text40       0C49
_ShiftOut_1Byte                text39       0CD1
_System_Init                   text12       0D77
_T1CON                         (abs)        0010
_TMR1                          (abs)        000E
_TRISA                         (abs)        0085
_TRISB                         (abs)        0086
_TRISC                         (abs)        0087
_TRISCbits                     (abs)        0087
_TRISE                         (abs)        0089
_TXEN                          (abs)        04C5
_TXIF                          (abs)        0064
_TXREG                         (abs)        0019
_UART_Init                     text11       0CA1
_UART_TxChar                   text10       0BFD
_UART_TxString                 text9        0CB9
_UART_TxTrafficState           text1        0548
__H__absolute__                __absolute__ 0000
__Habs1                        abs1         0000
__Hbank0                       bank0        0000
__Hbank1                       bank1        0000
__Hbank2                       bank2        0000
__Hbank3                       bank3        0000
__HbssBANK0                    bssBANK0     0000
__HbssBANK1                    bssBANK1     0000
__HbssBANK3                    bssBANK3     0000
__HbssCOMMON                   bssCOMMON    0000
__Hcinit                       cinit        0038
__Hclrtext                     clrtext      0000
__Hcode                        code         0000
__Hcommon                      common       0000
__Hconfig                      config       2009
__HcstackBANK0                 cstackBANK0  0000
__HcstackBANK1                 cstackBANK1  0000
__HcstackCOMMON                cstackCOMMON 0000
__HdataBANK0                   dataBANK0    0000
__Heeprom_data                 eeprom_data  0000
__Hend_init                    end_init     0013
__Hfunctab                     functab      0000
__Hheap                        heap         0000
__HidataBANK0                  idataBANK0   0000
__Hinit                        init         0010
__Hintentry                    intentry     0010
__Hmaintext                    maintext     0000
__Hpowerup                     powerup      0000
__Hram                         ram          0000
__Hreset_vec                   reset_vec    0003
__Hsfr0                        sfr0         0000
__Hsfr1                        sfr1         0000
__Hsfr2                        sfr2         0000
__Hsfr3                        sfr3         0000
__Hsivt                        sivt         0010
__Hspace_0                     (abs)        1000
__Hspace_1                     (abs)        01B0
__Hspace_2                     (abs)        0000
__Hspace_3                     (abs)        0000
__Hspace_4                     (abs)        4010
__Hstack                       stack        0000
__Hstrings                     strings      0000
__Htext                        text         0000
__L__absolute__                __absolute__ 0000
__Labs1                        abs1         0000
__Lbank0                       bank0        0000
__Lbank1                       bank1        0000
__Lbank2                       bank2        0000
__Lbank3                       bank3        0000
__LbssBANK0                    bssBANK0     0000
__LbssBANK1                    bssBANK1     0000
__LbssBANK3                    bssBANK3     0000
__LbssCOMMON                   bssCOMMON    0000
__Lcinit                       cinit        0013
__Lclrtext                     clrtext      0000
__Lcode                        code         0000
__Lcommon                      common       0000
__Lconfig                      config       0000
__LcstackBANK0                 cstackBANK0  0000
__LcstackBANK1                 cstackBANK1  0000
__LcstackCOMMON                cstackCOMMON 0000
__LdataBANK0                   dataBANK0    0000
__Leeprom_data                 eeprom_data  0000
__Lend_init                    end_init     0010
__Lfunctab                     functab      0000
__Lheap                        heap         0000
__LidataBANK0                  idataBANK0   0000
__Linit                        init         0010
__Lintentry                    intentry     0004
__Lmaintext                    maintext     0000
__Lpowerup                     powerup      0000
__Lram                         ram          0000
__Lreset_vec                   reset_vec    0000
__Lsfr0                        sfr0         0000
__Lsfr1                        sfr1         0000
__Lsfr2                        sfr2         0000
__Lsfr3                        sfr3         0000
__Lsivt                        sivt         0010
__Lspace_0                     (abs)        0000
__Lspace_1                     (abs)        0000
__Lspace_2                     (abs)        0000
__Lspace_3                     (abs)        0000
__Lspace_4                     (abs)        0000
__Lstack                       stack        0000
__Lstrings                     strings      0000
__Ltext                        text         0000
__S0                           (abs)        1000
__S1                           (abs)        01B0
__S3                           (abs)        0000
___awdiv                       text38       0637
___awdiv@counter               cstackBANK0  0024
___awdiv@dividend              cstackBANK0  0022
___awdiv@divisor               cstackBANK0  0020
___awdiv@quotient              cstackBANK0  0026
___awdiv@sign                  cstackBANK0  0025
___awmod                       text37       0759
___awmod@counter               cstackBANK0  0024
___awmod@dividend              cstackBANK0  0022
___awmod@divisor               cstackBANK0  0020
___awmod@sign                  cstackBANK0  0025
___heap_hi                     (abs)        0000
___heap_lo                     (abs)        0000
___int_sp                      stack        0000
___int_stack_hi                stack        0000
___int_stack_lo                stack        0000
___latbits                     (abs)        0002
___sp                          stack        0000
___stack_hi                    stack        0000
___stack_lo                    stack        0000
___stackhi                     (abs)        0000
___stacklo                     (abs)        0000
__end_of_Auto_Mode_Timer       text34       02F5
__end_of_Clear_Display         text15       0DEA
__end_of_Display_Countdown     text36       04BF
__end_of_I2C_LCD_BackLight     text28       0C74
__end_of_I2C_LCD_Clear         text22       0C23
__end_of_I2C_LCD_FlushVal      text29       0D31
__end_of_I2C_LCD_Init          text19       0548
__end_of_I2C_LCD_Puts          text17       0DC3
__end_of_I2C_LCD_WriteCmd      text23       0EF3
__end_of_I2C_LCD_Write_4bit    text27       0FA9
__end_of_I2C_Read              text25       0800
__end_of_I2C_Write             text30       0EC2
__end_of_ISR                   text41       0219
__end_of_Interrupt_Init        text16       0C36
__end_of_LCD_WaitBusy          text24       0637
__end_of_LCD_Write_Chr         text18       0F25
__end_of_Manual_Mode           text14       0F60
__end_of_Midnight_Mode_Timer   text13       0D0F
__end_of_My_I2C_Init           text20       0BF5
__end_of_Opposite_State        text35       0CA1
__end_of_ShiftOut_1Bit         text40       0C5E
__end_of_ShiftOut_1Byte        text39       0CEF
__end_of_System_Init           text12       0D9C
__end_of_UART_Init             text11       0CB9
__end_of_UART_TxChar           text10       0C07
__end_of_UART_TxString         text9        0CD1
__end_of_UART_TxTrafficState   text1        05CF
__end_of___awdiv               text38       069C
__end_of___awmod               text37       07B2
__end_of__initialization       cinit        0034
__end_of__stringtab            strings      0706
__end_of_abs                   text8        0C49
__end_of_fputc                 text6        0395
__end_of_i2c_init              text21       0C12
__end_of_i2c_read              text26       0700
__end_of_i2c_start             text33       0E12
__end_of_i2c_stop              text32       0E3A
__end_of_i2c_write             text31       0E62
__end_of_led7seg_digits        strings      0710
__end_of_main                  maintext     042A
__end_of_putch                 text7        0BEF
__end_of_sprintf               text3        0D77
__end_of_strcmp                text43       0E92
__end_of_strlen                text2        0C8A
__end_of_vfpfcnvrt             text5        0129
__end_of_vfprintf              text4        0D54
__end_ofi1___awmod             text42       1000
__initialization               cinit        0013
__pbssBANK0                    bssBANK0     0062
__pbssBANK1                    bssBANK1     00CA
__pbssBANK3                    bssBANK3     0190
__pbssCOMMON                   bssCOMMON    007D
__pcstackBANK0                 cstackBANK0  0020
__pcstackBANK1                 cstackBANK1  00A0
__pcstackCOMMON                cstackCOMMON 0070
__pdataBANK0                   dataBANK0    006E
__pidataBANK0                  idataBANK0   0003
__pintentry                    intentry     0004
__pmaintext                    maintext     0395
__pstrings                     strings      0700
__ptext1                       text1        0548
__ptext10                      text10       0BFD
__ptext11                      text11       0CA1
__ptext12                      text12       0D77
__ptext13                      text13       0CEF
__ptext14                      text14       0F25
__ptext15                      text15       0DC3
__ptext16                      text16       0C23
__ptext17                      text17       0D9C
__ptext18                      text18       0EF3
__ptext19                      text19       04BF
__ptext2                       text2        0C74
__ptext20                      text20       0BEF
__ptext21                      text21       0C07
__ptext22                      text22       0C12
__ptext23                      text23       0EC2
__ptext24                      text24       05CF
__ptext25                      text25       07B2
__ptext26                      text26       069C
__ptext27                      text27       0F60
__ptext28                      text28       0C5E
__ptext29                      text29       0D0F
__ptext3                       text3        0D54
__ptext30                      text30       0E92
__ptext31                      text31       0E3A
__ptext32                      text32       0E12
__ptext33                      text33       0DEA
__ptext34                      text34       0219
__ptext35                      text35       0C8A
__ptext36                      text36       042A
__ptext37                      text37       0759
__ptext38                      text38       0637
__ptext39                      text39       0CD1
__ptext4                       text4        0D31
__ptext40                      text40       0C49
__ptext41                      text41       0129
__ptext42                      text42       0FA9
__ptext43                      text43       0E62
__ptext5                       text5        0038
__ptext6                       text6        02F5
__ptext7                       text7        0BEE
__ptext8                       text8        0C36
__ptext9                       text9        0CB9
__stringbase                   strings      0705
__stringtab                    strings      0700
_abs                           text8        0C36
_countdown_EW                  bssBANK0     0065
_countdown_NS                  bssBANK0     0066
_dbuf                          bssBANK3     0190
_exitsign                      bssBANK0     006C
_flags                         bssBANK0     0064
_fputc                         text6        02F5
_i2c_init                      text21       0C07
_i2c_read                      text26       069C
_i2c_start                     text33       0DEA
_i2c_stop                      text32       0E12
_i2c_write                     text31       0E3A
_last_mode                     dataBANK0    006E
_led7seg_digits                strings      0706
_main                          maintext     0395
_mode                          bssCOMMON    007D
_prec                          bssBANK1     00D4
_putch                         text7        0BEE
_road1_flag                    bssBANK0     006A
_road2_flag                    bssBANK0     0069
_sprintf                       text3        0D54
_strcmp                        text43       0E62
_strlen                        text2        0C74
_system_state                  bssBANK0     0067
_tick_500ms                    bssBANK0     006B
_timer_counter                 bssBANK0     0062
_u8LCD_Buff                    bssBANK1     00CA
_u8LcdTmp                      bssBANK0     006D
_vfpfcnvrt                     text5        0038
_vfprintf                      text4        0D31
_width                         bssBANK1     00D2
abs@a                          cstackBANK0  0026
btemp                          (abs)        007E
clear_ram0                     clrtext      0BF5
end_of_initialization          cinit        0034
fputc@c                        cstackBANK0  0020
fputc@fp                       cstackBANK0  0022
i1___awmod                     text42       0FA9
i1___awmod@counter             cstackCOMMON 0074
i1___awmod@dividend            cstackCOMMON 0072
i1___awmod@divisor             cstackCOMMON 0070
i1___awmod@sign                cstackCOMMON 0075
i2c_read@timeout               cstackBANK0  0022
i2c_read@tmp                   cstackBANK0  0021
i2c_read@u8Ack                 cstackBANK0  0020
i2c_start@timeout              cstackBANK0  0020
i2c_stop@timeout               cstackBANK0  0020
i2c_write@timeout              cstackBANK0  0021
i2c_write@u8Data               cstackBANK0  0020
interrupt_function             intentry     0004
intlevel0                      functab      0000
intlevel1                      functab      0000
intlevel2                      functab      0000
intlevel3                      functab      0000
intlevel4                      functab      0000
intlevel5                      functab      0000
reset_vec                      reset_vec    0000
saved_w                        (abs)        007E
sprintf@ap                     cstackBANK0  004C
sprintf@f                      cstackBANK0  004D
sprintf@fmt                    cstackBANK0  0040
sprintf@s                      cstackBANK0  003F
start                          init         0010
start_initialization           cinit        0013
strcmp@l                       cstackCOMMON 0070
strcmp@r                       cstackCOMMON 0071
strlen@a                       cstackBANK0  0022
strlen@s                       cstackBANK0  0020
vfpfcnvrt@ap                   cstackBANK0  0030
vfpfcnvrt@c                    cstackBANK0  0039
vfpfcnvrt@convarg              cstackBANK0  0035
vfpfcnvrt@cp                   cstackBANK0  0034
vfpfcnvrt@done                 cstackBANK0  0033
vfpfcnvrt@fmt                  cstackBANK0  002F
vfpfcnvrt@fp                   cstackBANK0  002D
vfprintf@ap                    cstackBANK0  003D
vfprintf@cfmt                  cstackBANK0  003E
vfprintf@fmt                   cstackBANK0  003C
vfprintf@fp                    cstackBANK0  003A
wtemp0                         (abs)        007E


MODULE INFORMATION

Module		Function		Class		Link	Load	Size
D:\HCMUT\HK242\Mirco_Controller\Project\Traffic_Light\Code\main.c
		_ISR           		CODE           	0129	0000	240
		_main          		CODE           	0395	0000	149
		_Interrupt_Init		CODE           	0C23	0000	19
		_System_Init   		CODE           	0D77	0000	37

D:\HCMUT\HK242\Mirco_Controller\Project\Traffic_Light\Code\main.c estimated size: 445

c:\PROGRA~1\MICROC~1\xc8\v3.00\pic\sources\c99\common\strlen.c
		_strlen        		CODE           	0C74	0000	22

c:\PROGRA~1\MICROC~1\xc8\v3.00\pic\sources\c99\common\strlen.c estimated size: 22

c:\PROGRA~1\MICROC~1\xc8\v3.00\pic\sources\c99\common\nf_sprintf.c
		_sprintf       		CODE           	0D54	0000	35

c:\PROGRA~1\MICROC~1\xc8\v3.00\pic\sources\c99\common\nf_sprintf.c estimated size: 35

c:\PROGRA~1\MICROC~1\xc8\v3.00\pic\sources\c99\common\strcmp.c
		_strcmp        		CODE           	0E62	0000	48

c:\PROGRA~1\MICROC~1\xc8\v3.00\pic\sources\c99\common\strcmp.c estimated size: 48

c:\PROGRA~1\MICROC~1\xc8\v3.00\pic\sources\c99\common\awdiv.c
		___awdiv       		CODE           	0637	0000	101

c:\PROGRA~1\MICROC~1\xc8\v3.00\pic\sources\c99\common\awdiv.c estimated size: 101

D:\HCMUT\HK242\Mirco_Controller\Project\Traffic_Light\Code\uart.c
		_UART_TxString 		CODE           	0CB9	0000	24
		_UART_Init     		CODE           	0CA1	0000	24
		_UART_TxTrafficState		CODE           	0548	0000	135
		_UART_TxChar   		CODE           	0BFD	0000	10

D:\HCMUT\HK242\Mirco_Controller\Project\Traffic_Light\Code\uart.c estimated size: 193

D:\HCMUT\HK242\Mirco_Controller\Project\Traffic_Light\Code\i2c_lcd.c
		_I2C_LCD_Clear 		CODE           	0C12	0000	17
		_LCD_WaitBusy  		CODE           	05CF	0000	104
		_I2C_LCD_BackLight		CODE           	0C5E	0000	22
		_I2C_Write     		CODE           	0E92	0000	48
		_I2C_LCD_Write_4bit		CODE           	0F60	0000	73
		_I2C_Read      		CODE           	07B2	0000	78
		_My_I2C_Init   		CODE           	0BEF	0000	6
		_I2C_LCD_WriteCmd		CODE           	0EC2	0000	49
		_I2C_LCD_Init  		CODE           	04BF	0000	137
		_I2C_LCD_Puts  		CODE           	0D9C	0000	39
		_LCD_Write_Chr 		CODE           	0EF3	0000	50
		_I2C_LCD_FlushVal		CODE           	0D0F	0000	34

D:\HCMUT\HK242\Mirco_Controller\Project\Traffic_Light\Code\i2c_lcd.c estimated size: 657

c:\PROGRA~1\MICROC~1\xc8\v3.00\pic\sources\c99\common\doprnt.c
		_vfpfcnvrt     		CODE           	0038	0000	241
		_vfprintf      		CODE           	0D31	0000	35

c:\PROGRA~1\MICROC~1\xc8\v3.00\pic\sources\c99\common\doprnt.c estimated size: 276

D:\HCMUT\HK242\Mirco_Controller\Project\Traffic_Light\Code\i2c.c
		_i2c_start     		CODE           	0DEA	0000	40
		_i2c_write     		CODE           	0E3A	0000	40
		_i2c_stop      		CODE           	0E12	0000	40
		_i2c_read      		CODE           	069C	0000	100
		_i2c_init      		CODE           	0C07	0000	11

D:\HCMUT\HK242\Mirco_Controller\Project\Traffic_Light\Code\i2c.c estimated size: 231

shared
		_led7seg_digits		STRING         	0706	0000	10
		__stringtab    		STRING         	0700	0000	6
		__initialization		CODE           	0013	0000	33
		i1___awmod     		CODE           	0FA9	0000	87

shared estimated size: 136

c:\PROGRA~1\MICROC~1\xc8\v3.00\pic\sources\c99\common\nf_fputc.c
		_fputc         		CODE           	02F5	0000	160

c:\PROGRA~1\MICROC~1\xc8\v3.00\pic\sources\c99\common\nf_fputc.c estimated size: 160

c:\PROGRA~1\MICROC~1\xc8\v3.00\pic\sources\c99\common\putch.c
		_putch         		CODE           	0BEE	0000	1

c:\PROGRA~1\MICROC~1\xc8\v3.00\pic\sources\c99\common\putch.c estimated size: 1

D:\HCMUT\HK242\Mirco_Controller\Project\Traffic_Light\Code\traffic.c
		_Clear_Display 		CODE           	0DC3	0000	39
		_Display_Countdown		CODE           	042A	0000	149
		_ShiftOut_1Bit 		CODE           	0C49	0000	21
		_Midnight_Mode_Timer		CODE           	0CEF	0000	32
		_ShiftOut_1Byte		CODE           	0CD1	0000	30
		_Auto_Mode_Timer		CODE           	0219	0000	220
		_Opposite_State		CODE           	0C8A	0000	23
		_Manual_Mode   		CODE           	0F25	0000	59

D:\HCMUT\HK242\Mirco_Controller\Project\Traffic_Light\Code\traffic.c estimated size: 573

c:\PROGRA~1\MICROC~1\xc8\v3.00\pic\sources\c99\common\awmod.c
		___awmod       		CODE           	0759	0000	89

c:\PROGRA~1\MICROC~1\xc8\v3.00\pic\sources\c99\common\awmod.c estimated size: 89

c:\PROGRA~1\MICROC~1\xc8\v3.00\pic\sources\c99\common\abs.c
		_abs           		CODE           	0C36	0000	19

c:\PROGRA~1\MICROC~1\xc8\v3.00\pic\sources\c99\common\abs.c estimated size: 19

